// Jest Snapshot v1, https://goo.gl/fbAQLP

exports[`<Header /> should render modal header 1`] = `
<Header>
  <styled.div>
    <StyledComponent
      forwardedComponent={
        Object {
          "$$typeof": Symbol(react.forward_ref),
          "attrs": Array [],
          "componentStyle": ComponentStyle {
            "componentId": "sc-htoDjs",
            "isStatic": true,
            "lastClassName": "iPlMfp",
            "rules": Array [
              "
  height: 80px;
  background-color: ",
              "#F5F7FA",
              ";
  padding: 24px;
",
            ],
          },
          "displayName": "styled.div",
          "foldedComponentIds": Array [],
          "render": [Function],
          "styledComponentId": "sc-htoDjs",
          "target": "div",
          "toString": [Function],
          "warnTooManyClasses": [Function],
          "withComponent": [Function],
        }
      }
      forwardedRef={null}
    >
      <div
        className="iPlMfp"
      >
        <Text
          isInline={true}
          tag="span"
          type="display"
        >
          <styled.span
            as="span"
            data-component-type="text"
            isInline={true}
            textType="display"
          >
            <StyledComponent
              as="span"
              data-component-type="text"
              forwardedComponent={
                Object {
                  "$$typeof": Symbol(react.forward_ref),
                  "attrs": Array [],
                  "componentStyle": ComponentStyle {
                    "componentId": "sc-gzVnrw",
                    "isStatic": false,
                    "lastClassName": "hGWjGc",
                    "rules": Array [
                      "

  ",
                      [Function],
                      "

  ",
                      [Function],
                      "

  ",
                      [Function],
                      "

  ",
                      [Function],
                      "

  ",
                      [Function],
                      "

  ",
                      [Function],
                      "

  ",
                      [Function],
                      "

  ",
                      [Function],
                      "
",
                    ],
                  },
                  "displayName": "styled.span",
                  "foldedComponentIds": Array [],
                  "render": [Function],
                  "styledComponentId": "sc-gzVnrw",
                  "target": "span",
                  "toString": [Function],
                  "warnTooManyClasses": [Function],
                  "withComponent": [Function],
                }
              }
              forwardedRef={null}
              isInline={true}
              textType="display"
            >
              <span
                className="hGWjGc"
                data-component-type="text"
              >
                Header Text
              </span>
            </StyledComponent>
          </styled.span>
        </Text>
      </div>
    </StyledComponent>
  </styled.div>
</Header>
`;
