// Jest Snapshot v1, https://goo.gl/fbAQLP

exports[`<HighLightArea /> should render a HighlightArea 1`] = `
.c0 {
  border: 1px solid #C5CED6;
  background-color: #FAFBFC;
  padding: 16px;
  border-radius: 4px;
}

<HighlightArea
  color="grey"
>
  <styled.div
    color="grey"
    data-component-type="highlight_area"
  >
    <StyledComponent
      color="grey"
      data-component-type="highlight_area"
      forwardedComponent={
        Object {
          "$$typeof": Symbol(react.forward_ref),
          "attrs": Array [],
          "componentStyle": ComponentStyle {
            "componentId": "sc-bdVaJa",
            "isStatic": false,
            "lastClassName": "c0",
            "rules": Array [
              "
  border: 1px solid ",
              [Function],
              ";
  background-color: ",
              [Function],
              ";
  padding: ",
              "16",
              "px;
  border-radius: ",
              "4",
              "px;
  ",
              [Function],
              "
",
            ],
          },
          "displayName": "styled.div",
          "foldedComponentIds": Array [],
          "render": [Function],
          "styledComponentId": "sc-bdVaJa",
          "target": "div",
          "toString": [Function],
          "usesTheme": false,
          "warnTooManyClasses": [Function],
          "withComponent": [Function],
        }
      }
      forwardedRef={null}
    >
      <div
        className="c0"
        color="grey"
        data-component-type="highlight_area"
      >
        Hello
      </div>
    </StyledComponent>
  </styled.div>
</HighlightArea>
`;
