// Jest Snapshot v1, https://goo.gl/fbAQLP

exports[`<ParagraphSkeleton /> should render a paragraph skeleton 1`] = `
<ParagraphSkeleton
  showSkeleton={true}
>
  <styled.div>
    <StyledComponent
      forwardedComponent={
        Object {
          "$$typeof": Symbol(react.forward_ref),
          "attrs": Array [],
          "componentStyle": ComponentStyle {
            "componentId": "sc-bwzfXH",
            "isStatic": false,
            "lastClassName": "cBcNyd",
            "rules": Array [
              "
  ",
              [Function],
              ";
",
            ],
          },
          "displayName": "styled.div",
          "foldedComponentIds": Array [],
          "render": [Function],
          "styledComponentId": "sc-bwzfXH",
          "target": "div",
          "toString": [Function],
          "warnTooManyClasses": [Function],
          "withComponent": [Function],
        }
      }
      forwardedRef={null}
    >
      <div
        className="cBcNyd"
      >
        <TextSkeleton
          showSkeleton={true}
          type="display-large"
          width={200}
        >
          <styled.span
            textType="display-large"
            width="200px"
          >
            <StyledComponent
              forwardedComponent={
                Object {
                  "$$typeof": Symbol(react.forward_ref),
                  "attrs": Array [],
                  "componentStyle": ComponentStyle {
                    "componentId": "sc-bdVaJa",
                    "isStatic": false,
                    "lastClassName": "PoJfC",
                    "rules": Array [
                      "
  border-radius: 4px;
  width: ",
                      [Function],
                      ";
  margin-top: 0.5rem;
  margin-bottom: 0.5rem;
  ",
                      [Function],
                      ";
  ",
                      [Function],
                      ";
",
                    ],
                  },
                  "displayName": "styled.span",
                  "foldedComponentIds": Array [],
                  "render": [Function],
                  "styledComponentId": "sc-bdVaJa",
                  "target": "span",
                  "toString": [Function],
                  "warnTooManyClasses": [Function],
                  "withComponent": [Function],
                }
              }
              forwardedRef={null}
              textType="display-large"
              width="200px"
            >
              <span
                className="cdokJU"
                width="200px"
              >
                ‌
              </span>
            </StyledComponent>
          </styled.span>
        </TextSkeleton>
        <TextSkeleton
          showSkeleton={true}
          type="body"
        >
          <styled.span
            textType="body"
          >
            <StyledComponent
              forwardedComponent={
                Object {
                  "$$typeof": Symbol(react.forward_ref),
                  "attrs": Array [],
                  "componentStyle": ComponentStyle {
                    "componentId": "sc-bdVaJa",
                    "isStatic": false,
                    "lastClassName": "PoJfC",
                    "rules": Array [
                      "
  border-radius: 4px;
  width: ",
                      [Function],
                      ";
  margin-top: 0.5rem;
  margin-bottom: 0.5rem;
  ",
                      [Function],
                      ";
  ",
                      [Function],
                      ";
",
                    ],
                  },
                  "displayName": "styled.span",
                  "foldedComponentIds": Array [],
                  "render": [Function],
                  "styledComponentId": "sc-bdVaJa",
                  "target": "span",
                  "toString": [Function],
                  "warnTooManyClasses": [Function],
                  "withComponent": [Function],
                }
              }
              forwardedRef={null}
              textType="body"
            >
              <span
                className="gqbyiJ"
              >
                ‌
              </span>
            </StyledComponent>
          </styled.span>
        </TextSkeleton>
        <TextSkeleton
          showSkeleton={true}
          type="body"
        >
          <styled.span
            textType="body"
          >
            <StyledComponent
              forwardedComponent={
                Object {
                  "$$typeof": Symbol(react.forward_ref),
                  "attrs": Array [],
                  "componentStyle": ComponentStyle {
                    "componentId": "sc-bdVaJa",
                    "isStatic": false,
                    "lastClassName": "PoJfC",
                    "rules": Array [
                      "
  border-radius: 4px;
  width: ",
                      [Function],
                      ";
  margin-top: 0.5rem;
  margin-bottom: 0.5rem;
  ",
                      [Function],
                      ";
  ",
                      [Function],
                      ";
",
                    ],
                  },
                  "displayName": "styled.span",
                  "foldedComponentIds": Array [],
                  "render": [Function],
                  "styledComponentId": "sc-bdVaJa",
                  "target": "span",
                  "toString": [Function],
                  "warnTooManyClasses": [Function],
                  "withComponent": [Function],
                }
              }
              forwardedRef={null}
              textType="body"
            >
              <span
                className="gqbyiJ"
              >
                ‌
              </span>
            </StyledComponent>
          </styled.span>
        </TextSkeleton>
        <TextSkeleton
          showSkeleton={true}
          type="body"
        >
          <styled.span
            textType="body"
          >
            <StyledComponent
              forwardedComponent={
                Object {
                  "$$typeof": Symbol(react.forward_ref),
                  "attrs": Array [],
                  "componentStyle": ComponentStyle {
                    "componentId": "sc-bdVaJa",
                    "isStatic": false,
                    "lastClassName": "PoJfC",
                    "rules": Array [
                      "
  border-radius: 4px;
  width: ",
                      [Function],
                      ";
  margin-top: 0.5rem;
  margin-bottom: 0.5rem;
  ",
                      [Function],
                      ";
  ",
                      [Function],
                      ";
",
                    ],
                  },
                  "displayName": "styled.span",
                  "foldedComponentIds": Array [],
                  "render": [Function],
                  "styledComponentId": "sc-bdVaJa",
                  "target": "span",
                  "toString": [Function],
                  "warnTooManyClasses": [Function],
                  "withComponent": [Function],
                }
              }
              forwardedRef={null}
              textType="body"
            >
              <span
                className="gqbyiJ"
              >
                ‌
              </span>
            </StyledComponent>
          </styled.span>
        </TextSkeleton>
        <TextSkeleton
          showSkeleton={true}
          type="body"
        >
          <styled.span
            textType="body"
          >
            <StyledComponent
              forwardedComponent={
                Object {
                  "$$typeof": Symbol(react.forward_ref),
                  "attrs": Array [],
                  "componentStyle": ComponentStyle {
                    "componentId": "sc-bdVaJa",
                    "isStatic": false,
                    "lastClassName": "PoJfC",
                    "rules": Array [
                      "
  border-radius: 4px;
  width: ",
                      [Function],
                      ";
  margin-top: 0.5rem;
  margin-bottom: 0.5rem;
  ",
                      [Function],
                      ";
  ",
                      [Function],
                      ";
",
                    ],
                  },
                  "displayName": "styled.span",
                  "foldedComponentIds": Array [],
                  "render": [Function],
                  "styledComponentId": "sc-bdVaJa",
                  "target": "span",
                  "toString": [Function],
                  "warnTooManyClasses": [Function],
                  "withComponent": [Function],
                }
              }
              forwardedRef={null}
              textType="body"
            >
              <span
                className="gqbyiJ"
              >
                ‌
              </span>
            </StyledComponent>
          </styled.span>
        </TextSkeleton>
        <TextSkeleton
          showSkeleton={true}
          type="body"
          width="50%"
        >
          <styled.span
            textType="body"
            width="50%"
          >
            <StyledComponent
              forwardedComponent={
                Object {
                  "$$typeof": Symbol(react.forward_ref),
                  "attrs": Array [],
                  "componentStyle": ComponentStyle {
                    "componentId": "sc-bdVaJa",
                    "isStatic": false,
                    "lastClassName": "PoJfC",
                    "rules": Array [
                      "
  border-radius: 4px;
  width: ",
                      [Function],
                      ";
  margin-top: 0.5rem;
  margin-bottom: 0.5rem;
  ",
                      [Function],
                      ";
  ",
                      [Function],
                      ";
",
                    ],
                  },
                  "displayName": "styled.span",
                  "foldedComponentIds": Array [],
                  "render": [Function],
                  "styledComponentId": "sc-bdVaJa",
                  "target": "span",
                  "toString": [Function],
                  "warnTooManyClasses": [Function],
                  "withComponent": [Function],
                }
              }
              forwardedRef={null}
              textType="body"
              width="50%"
            >
              <span
                className="PoJfC"
                width="50%"
              >
                ‌
              </span>
            </StyledComponent>
          </styled.span>
        </TextSkeleton>
      </div>
    </StyledComponent>
  </styled.div>
</ParagraphSkeleton>
`;
