// Jest Snapshot v1, https://goo.gl/fbAQLP

exports[`<Tooltip /> should render a tooltip with the child element 1`] = `
<span
  className="Tooltip"
>
  <span
    data-for="test-tooltip"
    data-tip={true}
    key="eb817b2f-92a8-42fc-8485-b32d9d410e91"
  >
    <div>
      This div should have a tooltip
    </div>
    <ReactTooltip
      effect="solid"
      id="test-tooltip"
      insecure={true}
      place="top"
      resizeHide={true}
      wrapper="div"
    >
      Tooltip message
    </ReactTooltip>
  </span>
</span>
`;
